------------------------------------------------------------------------------------------------------------------------------------------------------------------------------------------
      name:  <unnamed>
       log:  /Users/beatrice/Documents/GitHub/mvpf-climate/data/0_log/log_metafile_2025-10-15_10-21-53__resetting_globals.log
  log type:  text
 opened on:  15 Oct 2025, 10:21:53

. // create new folders
. cap mkdir "${results}"

. 
. 
. *-----------------------------------------------------------------------
. * 0 - Define Macros.
. *-----------------------------------------------------------------------
. 
. foreach correction_mode of global correction_modes {
  2.     global correction_mode `correction_mode'
  3.     global nrun = "${nrun}_`correction_mode'"
  4.     global causal_ests = "${code_files}/2a_causal_estimates_papers/`correction_mode'"
  5.     global causal_draws = "${code_files}/2b_causal_estimates_draws/`correction_mode'"
  6. 
.     if $usets == 1 {
  7.         global stamp = "${timestamp}__${nrun}"
  8.     }
  9.     else {
 10.         global stamp = "${nrun}"
 11.     }
 12.     // Set results to use
.     if "$use_causal_draws" == "redraw" {
 13.         global redraw_causal_estimates = "yes"
 14.         global ts_causal_draws = "${stamp}"
 15.         noi di "Create new causal draws: ${ts_causal_draws}"
 16.         cap mkdir "${causal_draws}/${ts_causal_draws}"
 17.     }
 18.     else if "$use_causal_draws" == "latest" {
 19.         global redraw_causal_estimates = "no"
 20.         local folders : dir "${causal_draws}" dirs "*"
 21.         global ts_causal_draws : word `:list sizeof folders' of `folders'
 22.         noi di "Using latest causal draws: `ts_causal_draws'."
 23.     }
 24.     else {
 25.         global redraw_causal_estimates = "no"
 26.         global ts_causal_draws = "$use_causal_draws"
 27.         noi di "Using specific causal draws: `ts_causal_draws'."
 28.     }
 29.     /* Note: There is no "redraw bootstrap draws" option at the moment. */
.     if "$use_bootstrap_draws" == "redraw" {
 30.         global redraw_bootstrap_estimates = "yes"
 31.         global ts_bootstrap_draws = "${stamp}"
 32.         noi di "Create new bootstrap draws: ${ts_bootstrap_draws}"
 33.         cap mkdir "${bootstrap_folder}/${ts_bootstrap_draws}"
 34.     }
 35.     else if "$use_bootstrap_draws" == "latest" {
 36.         global redraw_bootstrap_estimates = "no"
 37.         local folders : dir "${bootstrap_folder}" dirs "*"
 38.         global ts_bootstrap_draws : word `:list sizeof folders' of `folders'
 39.         noi di "Using latest bootstrap draws: `ts_bootstrap_draws'."
 40.     }
 41.     else {
 42.         global redraw_bootstrap_estimates = "no"
 43.         global ts_bootstrap_draws = "$use_bootstrap_draws"
 44.         noi di "Using specific bootstrap draws: `ts_bootstrap_draws'."
 45.     }
 46. 
.     global bootstrap_files = "${bootstrap_folder}/${ts_bootstrap_draws}"
 47.     global append_files = "${bootstrap_files}/all_policies_collated"
 48.     cap mkdir "${bootstrap_files}"
 49.     cap mkdir "${append_files}"
 50. 
. 
.     local programs_to_run $programs_to_run
 51.     local programs_pb_exclude $programs_pb_exclude
 52.     if "`correction_mode'" == "corrected" global programs_to_run: list programs_to_run - programs_pb_exclude
 53. 
.     if "`correction_mode'" == "corrected"{
 54.         di in red "the list of programs is ${programs_to_run}"
 55.     }
 56. 
.     *-----------------------------------------------------------------------
.     * 0 - Macros
.     *-----------------------------------------------------------------------
.     noi di "SECTION 0: MACROS"
 57.         qui do "${github}/ado/check_timepaths.ado"
 58.     qui do "${github}/wrapper/macros.do" "yes"
 59. 
.     *-----------------------------------------------------------------------
.     * 1 - Prepare causal estimates
.     *-----------------------------------------------------------------------
.     noi di "SECTION 1: PREPARE CAUSAL ESTIMATES"
 60.     * 1 - prepare bootstrap draws of uncorrected causal estimates
.     noi do "${github}/wrapper/prepare_causal_estimates.do" ///
>            "$programs_to_run" // programs to run / all_programs
 61. 
.     *-----------------------------------------------------------------------
.     * 2 - Estimate MVPFs and other statistics, bootstrap, and loop through global assumptions
.     *-----------------------------------------------------------------------
. 
.     noi di "SECTION 2: ESTIMATION & BOOTSTRAPPING"
 62.         
.     do "${github}/wrapper/bootstrap_wrapper.do" ///
>        "${programs_to_run}" /// programs to run
>        "${modes_to_run}" // all_modes // baseline // modes to run
 63. 
.     if "${make_waterfall}" == "yes"{
 64.         do "${github}/wrapper/waterfalls.do" ///
>            "${programs_to_run}" /// programs to run
>            "${modes_to_run}" // all_modes // baseline // modes to run
 65.     }
 66. 
.     *-----------------------------------------------------------------------
.     * 3 - Compile results.
.     *-----------------------------------------------------------------------
.     noi di "SECTION 3: COMPILE ESTIMATES & INFERENCE"
 67.     clear
 68. 
.     di in red "compile programs is ${compile_programs}"
 69.     di in red "compile loop modes is ${compile_loop_modes}"
 70.     foreach program of global compile_programs {
 71. 
.         di "${compile_loop_modes}"              
 72.         foreach mode of global compile_loop_modes {
 73.             append using "${bootstrap_files}/`program'_`mode'_estimates_${replications}_replications"   
 74.         }
 75. 
.     }
 76.     save "${results}/compiled_results_all_`correction_mode'", replace 
 77. 
. 
.     /*-----------------------------------------------------------------------
>     * 4 - Append with Previous Run
>     *-----------------------------------------------------------------------*/
. 
.     if "${append}" == "yes" {
 78.         
.         use "${code_files}/4_results/${original_stamp}/compiled_results_all_`correction_mode'", clear 
 79. 
.         foreach mode of global compile_loop_modes {
 80.             foreach program of global compile_programs {
 81.                 drop if program == "`program'" & assumptions == "`mode'"        
 82.         
.             if "`mode'" == "baseline" {
 83.                 append using "${bootstrap_files}/`program'_`mode'_estimates_${replications}_replications"
 84.                 }
 85.             else {
 86.                 append using "${bootstrap_files}/`program'_`mode'_estimates_${replications}_replications"       
 87.                 }       
 88.             }
 89.         }
 90.         
.         save "${code_files}/4_results/${original_stamp}/compiled_results_all_`correction_mode'", replace
 91.     }
 92. 
. 
. 
.     *run publication bias metafile
.     if "`9'" == "yes"{
 93.         if "`correction_mode'" == "uncorrected_vJK" do "${github}/publication_bias/pub_bias_wrapper"
 94.     }
 95. 
. }
Create new causal draws: 2025-10-15_10-21-53__resetting_globals_uncorrected_vJK
Create new bootstrap draws: 2025-10-15_10-21-53__resetting_globals_uncorrected_vJK
SECTION 0: MACROS
Rerun macros set to yes through a positional argument
Rerun timepaths set to no
Asked to Resave CPI Globals
Asked to Resave VMT Rebound
Asked to Resave EV Price Elasticity (Gas Tax LBD)
Asked to Rerun Gasoline Prices, Taxes, and Markups
Asked to Rerun Vehicle VMT Datasets
Discount Rate is 2%
Social Cost of Carbon is $193
Grid Type is mid
Asked to Rerun Electricity and Natural Gas Externalities
Asked to Rerun Gasoline Vehicle Externalities
Asked to Rerun Diesel Externalities
Asked to Rerun Benefits from Not Driving Gasoline-powered Vehicle
--Break--
--Break--
--Break--
--Break--
r(1);

end of do-file
--Break--
r(1);

end of do-file

--Break--
r(1);

. do "/Users/beatrice/Documents/GitHub/mvpf-climate/masterfile.do"

. cap log close
